// Jest Snapshot v1, https://goo.gl/fbAQLP

exports[`testing component <FirstApp/> should be match with the snapsho 1`] = `
<div>
  <h1
    data-testid="test-title"
  >
     
    Hola, Soy Goku
     
  </h1>
  <p>
     
    Theres no subtitle
     
  </p>
  <p>
    David
  </p>
</div>
`;
