// Jest Snapshot v1, https://goo.gl/fbAQLP

exports[`testing component <FirstApp/> should be the same as the snapshot 1`] = `
<div>
  <h1>
    Hola, Soy Goku
  </h1>
  <p>
    There is no subtitle
  </p>
  <p>
    David
  </p>
</div>
`;
